---
http_interactions:
- request:
    method: get
    uri: https://localhost/api/configurations.json?defaultOnly=true&type=site_chrome
    body:
      encoding: US-ASCII
      string: ''
    headers:
      Accept-Encoding:
      - gzip;q=1.0,deflate;q=0.6,identity;q=0.3
      Accept:
      - "*/*"
      User-Agent:
      - Ruby
  response:
    status:
      code: 200
      message: OK
    headers:
      Server:
      - nginx/1.8.1
      Date:
      - Wed, 05 Oct 2016 18:00:17 GMT
      Content-Type:
      - application/json; charset=utf-8
      Transfer-Encoding:
      - chunked
      Connection:
      - keep-alive
      X-Socrata-Requestid:
      - 3gpjckk49g5lw27zpd1a8ppof
      Access-Control-Allow-Origin:
      - "*"
    body:
      encoding: UTF-8
      string: |
        [ {
          "id" : 164,
          "name" : "Site Chrome",
          "default" : true,
          "domainCName" : "localhost",
          "type" : "site_chrome",
          "updatedAt" : 1475625837,
          "properties" : [ {
            "name" : "siteChromeConfigVars",
            "value" : {
              "versions" : {
                "0.3" : {
                  "draft" : {
                    "content" : {
                      "general" : {
                        "template" : "Evergreen",
                        "social_shares" : {
                          "youtube" : {
                            "url" : ""
                          },
                          "yammer" : {
                            "url" : ""
                          },
                          "twitter" : {
                            "url" : ""
                          },
                          "github" : {
                            "url" : ""
                          },
                          "vimeo" : {
                            "url" : ""
                          },
                          "flickr" : {
                            "url" : ""
                          },
                          "facebook" : {
                            "url" : ""
                          },
                          "linked_in" : {
                            "url" : ""
                          },
                          "tumblr" : {
                            "url" : ""
                          },
                          "pinterest" : {
                            "url" : ""
                          },
                          "google_plus" : {
                            "url" : ""
                          },
                          "instagram" : {
                            "url" : ""
                          }
                        },
                        "window_title_display" : "",
                        "window_icon" : "/socrata_site_chrome/images/default_favicon.ico",
                        "show_signup" : "true",
                        "styles" : {
                          "max_width" : "",
                          "font_family" : "Open Sans"
                        },
                        "show_signin_signout" : "true",
                        "show_profile" : "true"
                      },
                      "locales" : {
                        "en" : {
                          "footer" : {
                            "site_name" : "",
                            "copyright_notice_source" : "",
                            "links" : {
                              "link_3" : "Accessibility",
                              "link_4" : "Contact Us",
                              "link_1" : "Terms of Service",
                              "link_2" : "Privacy Policy",
                              "link_0" : "Home Page"
                            }
                          },
                          "header" : {
                            "site_name" : "asdf",
                            "links" : {
                              "link_3" : "Support",
                              "link_1" : "Browse",
                              "link_2" : "Developers",
                              "link_0" : "Home Page"
                            }
                          }
                        }
                      },
                      "footer" : {
                        "copyright_notice" : "true",
                        "powered_by" : "true",
                        "logo" : {
                          "src" : "/socrata_site_chrome/images/socrata-logo-2c-dark.png"
                        },
                        "styles" : {
                          "bg_color" : "#3b3a3c",
                          "fg_color" : "#fff",
                          "logo_height" : "44px",
                          "logo_width" : ""
                        },
                        "links" : [ {
                          "key" : "link_0",
                          "url" : "/"
                        }, {
                          "key" : "link_1",
                          "url" : "http://www.socrata.com/terms-of-service"
                        }, {
                          "key" : "link_2",
                          "url" : "http://www.socrata.com/privacy"
                        }, {
                          "key" : "link_3",
                          "url" : "http://www.socrata.com/accessibility"
                        }, {
                          "key" : "link_4",
                          "url" : "http://www.socrata.com/contact-us"
                        } ]
                      },
                      "header" : {
                        "logo" : {
                          "src" : "/socrata_site_chrome/images/socrata-logo-2c-dark.png"
                        },
                        "styles" : {
                          "bg_color" : "#22b479",
                          "fg_color" : "#fff",
                          "logo_height" : "36px",
                          "logo_width" : "",
                          "bg_color_secondary" : ""
                        },
                        "links" : [ {
                          "key" : "link_0",
                          "url" : "/"
                        }, {
                          "key" : "link_1",
                          "url" : "/browse"
                        }, {
                          "key" : "link_2",
                          "url" : "http://dev.socrata.com"
                        }, {
                          "key" : "link_3",
                          "url" : "http://support.socrata.com"
                        } ]
                      }
                    }
                  },
                  "published" : {
                    "content" : {
                      "general" : {
                        "template" : "Evergreen",
                        "social_shares" : {
                          "youtube" : {
                            "url" : ""
                          },
                          "yammer" : {
                            "url" : ""
                          },
                          "twitter" : {
                            "url" : "tw"
                          },
                          "github" : {
                            "url" : ""
                          },
                          "vimeo" : {
                            "url" : ""
                          },
                          "flickr" : {
                            "url" : ""
                          },
                          "facebook" : {
                            "url" : "face"
                          },
                          "linked_in" : {
                            "url" : ""
                          },
                          "tumblr" : {
                            "url" : ""
                          },
                          "pinterest" : {
                            "url" : ""
                          },
                          "google_plus" : {
                            "url" : ""
                          },
                          "instagram" : {
                            "url" : ""
                          }
                        },
                        "window_title_display" : "",
                        "window_icon" : "/socrata_site_chrome/images/default_favicon.ico",
                        "show_signup" : "true",
                        "styles" : {
                          "max_width" : "",
                          "font_family" : "Open Sans"
                        },
                        "show_signin_signout" : "true",
                        "show_profile" : "true"
                      },
                      "locales" : {
                        "en" : {
                          "footer" : {
                            "site_name" : "",
                            "copyright_notice_source" : "",
                            "links" : {
                              "link_3" : "Accessibility",
                              "link_4" : "Contact Us",
                              "link_1" : "Terms of Service",
                              "link_2" : "Privacy Policy",
                              "link_0" : "Home Page"
                            }
                          },
                          "header" : {
                            "site_name" : "",
                            "links" : {
                              "link_3" : "Support",
                              "link_1" : "Browse",
                              "link_2" : "Developers",
                              "link_0" : "Home Page"
                            }
                          }
                        }
                      },
                      "footer" : {
                        "copyright_notice" : "true",
                        "powered_by" : "true",
                        "logo" : {
                          "src" : "/socrata_site_chrome/images/socrata-logo-2c-dark.png"
                        },
                        "styles" : {
                          "bg_color" : "#3b3a3c",
                          "fg_color" : "#fff",
                          "logo_height" : "44px",
                          "logo_width" : ""
                        },
                        "links" : [ {
                          "key" : "link_0",
                          "url" : "/"
                        }, {
                          "key" : "link_1",
                          "url" : "http://www.socrata.com/terms-of-service"
                        }, {
                          "key" : "link_2",
                          "url" : "http://www.socrata.com/privacy"
                        }, {
                          "key" : "link_3",
                          "url" : "http://www.socrata.com/accessibility"
                        }, {
                          "key" : "link_4",
                          "url" : "http://www.socrata.com/contact-us"
                        } ]
                      },
                      "header" : {
                        "logo" : {
                          "src" : "/socrata_site_chrome/images/socrata-logo-2c-dark.png"
                        },
                        "styles" : {
                          "bg_color" : "#444",
                          "fg_color" : "#fff",
                          "logo_height" : "36px",
                          "logo_width" : "",
                          "bg_color_secondary" : ""
                        },
                        "links" : [ {
                          "key" : "link_0",
                          "url" : "/"
                        }, {
                          "key" : "link_1",
                          "url" : "/browse"
                        }, {
                          "key" : "link_2",
                          "url" : "http://dev.socrata.com"
                        }, {
                          "key" : "link_3",
                          "url" : "http://support.socrata.com"
                        } ]
                      }
                    }
                  }
                }
              },
              "current_version" : "0.3",
              "activation_state" : {
                "data_lens" : true,
                "open_data" : true,
                "homepage" : true
              }
            }
          } ]
        } ]
    http_version:
  recorded_at: Wed, 05 Oct 2016 18:00:17 GMT
- request:
    method: put
    uri: http://localhost:8080/configurations/164/properties?method=update
    body:
      encoding: UTF-8
      string: '{"name":"siteChromeConfigVars","value":{"versions":{"0.3":{"draft":{"content":{"general":{"template":"Evergreen","social_shares":{"youtube":{"url":""},"yammer":{"url":""},"twitter":{"url":""},"github":{"url":""},"vimeo":{"url":""},"flickr":{"url":""},"facebook":{"url":""},"linked_in":{"url":""},"tumblr":{"url":""},"pinterest":{"url":""},"google_plus":{"url":""},"instagram":{"url":""}},"window_title_display":"","window_icon":"/socrata_site_chrome/images/default_favicon.ico","show_signup":"true","styles":{"max_width":"","font_family":"Open
        Sans"},"show_signin_signout":"true","show_profile":"true"},"locales":{"en":{"footer":{"site_name":"","copyright_notice_source":"","links":{"link_3":"Accessibility","link_4":"Contact
        Us","link_1":"Terms of Service","link_2":"Privacy Policy","link_0":"Home Page"}},"header":{"site_name":"asdf","links":{"link_3":"Support","link_1":"Browse","link_2":"Developers","link_0":"Home
        Page"}}}},"footer":{"copyright_notice":"true","powered_by":"true","logo":{"src":"/socrata_site_chrome/images/socrata-logo-2c-dark.png"},"styles":{"bg_color":"#3b3a3c","fg_color":"#fff","logo_height":"44px","logo_width":""},"links":[{"key":"link_0","url":"/"},{"key":"link_1","url":"http://www.socrata.com/terms-of-service"},{"key":"link_2","url":"http://www.socrata.com/privacy"},{"key":"link_3","url":"http://www.socrata.com/accessibility"},{"key":"link_4","url":"http://www.socrata.com/contact-us"}]},"header":{"logo":{"src":"/socrata_site_chrome/images/socrata-logo-2c-dark.png"},"styles":{"bg_color":"#22b479","fg_color":"#fff","logo_height":"36px","logo_width":"","bg_color_secondary":""},"links":[{"key":"link_0","url":"/"},{"key":"link_1","url":"/browse"},{"key":"link_2","url":"http://dev.socrata.com"},{"key":"link_3","url":"http://support.socrata.com"}]}}},"published":{"content":{"new_batch_of_properties":{"some_key":"some_other_value"}}}}},"current_version":"0.3","activation_state":{"data_lens":true,"open_data":true,"homepage":true}}}'
    headers:
      Content-Type:
      - application/json
      X-Socrata-Host:
      - localhost
      Cookie:
      - logged_in=true; _core_session_id=M2hwYS10Znp5IDE0NzU4OTgyNjAgYzMyZTA4NmVhMjVjIDVhZTU4NTJiZTJmN2VkMmRmMDcyOWEzYTc2MWJkYTBkZTk0YjA2MTU;
        _socrata_session_id=BAh7C0kiD3Nlc3Npb25faWQGOgZFRkkiJTE0ODEzNzdkODA0OWM1ZTQzNDFhN2RhYjdmNGYzODlhBjsARkkiCXVzZXIGOwBGMEkiEF9jc3JmX3Rva2VuBjsARkkiMWNSenU3VjNaMi9WVkVoQ1o0NURTeUdWTEtQaktXS2w2MnZxVHd0aDZ1QUE9BjsARkkiCWluaXQGOwBUVEkiDnJldHVybl90bwY7AEYwSSIKZmxhc2gGOwBUewdJIgxkaXNjYXJkBjsAVFsGSSILbm90aWNlBjsARkkiDGZsYXNoZXMGOwBUewZJIgtub3RpY2UGOwBGSSIXU2l0ZSB0aGVtZSB1cGRhdGVkBjsAVA;
        socrata-csrf-token=dbIpjcrCMkifCCB47xe4gwioH1JW3j9nrLjJ9Uko2PIErsdglxvpvcoaMOEMh2pLbeM3qpyGlh12Qlo3kVJg8g
  response:
    status:
      code: 200
      message: OK
    headers:
      X-Socrata-Requestid:
      - 480bmlmf0muwasb9iqurwju9p
      Access-Control-Allow-Origin:
      - "*"
      Set-Cookie:
      - _core_session_id=dHVnZy1pa2NlIDE0NzU3MTIwMTcgMmRhODQxZDYyYzE3IDMwNjM1NzA2YTQ1NDlkY2EyZWY3ZDc4M2Y3OTNjMmYyZGIzMzVkNDA;Path=/
      Expires:
      - Thu, 01 Jan 1970 00:00:00 GMT
      Content-Type:
      - application/json; charset=utf-8
      Transfer-Encoding:
      - chunked
      Server:
      - Jetty(7.5.1.v20110908)
    body:
      encoding: UTF-8
      string: |
        {
          "name" : "siteChromeConfigVars",
          "value" : {
            "versions" : {
              "0.3" : {
                "draft" : {
                  "content" : {
                    "general" : {
                      "template" : "Evergreen",
                      "social_shares" : {
                        "youtube" : {
                          "url" : ""
                        },
                        "yammer" : {
                          "url" : ""
                        },
                        "twitter" : {
                          "url" : ""
                        },
                        "github" : {
                          "url" : ""
                        },
                        "vimeo" : {
                          "url" : ""
                        },
                        "flickr" : {
                          "url" : ""
                        },
                        "facebook" : {
                          "url" : ""
                        },
                        "linked_in" : {
                          "url" : ""
                        },
                        "tumblr" : {
                          "url" : ""
                        },
                        "pinterest" : {
                          "url" : ""
                        },
                        "google_plus" : {
                          "url" : ""
                        },
                        "instagram" : {
                          "url" : ""
                        }
                      },
                      "window_title_display" : "",
                      "window_icon" : "/socrata_site_chrome/images/default_favicon.ico",
                      "show_signup" : "true",
                      "styles" : {
                        "max_width" : "",
                        "font_family" : "Open Sans"
                      },
                      "show_signin_signout" : "true",
                      "show_profile" : "true"
                    },
                    "locales" : {
                      "en" : {
                        "footer" : {
                          "site_name" : "",
                          "copyright_notice_source" : "",
                          "links" : {
                            "link_3" : "Accessibility",
                            "link_4" : "Contact Us",
                            "link_1" : "Terms of Service",
                            "link_2" : "Privacy Policy",
                            "link_0" : "Home Page"
                          }
                        },
                        "header" : {
                          "site_name" : "asdf",
                          "links" : {
                            "link_3" : "Support",
                            "link_1" : "Browse",
                            "link_2" : "Developers",
                            "link_0" : "Home Page"
                          }
                        }
                      }
                    },
                    "footer" : {
                      "copyright_notice" : "true",
                      "powered_by" : "true",
                      "logo" : {
                        "src" : "/socrata_site_chrome/images/socrata-logo-2c-dark.png"
                      },
                      "styles" : {
                        "bg_color" : "#3b3a3c",
                        "fg_color" : "#fff",
                        "logo_height" : "44px",
                        "logo_width" : ""
                      },
                      "links" : [ {
                        "key" : "link_0",
                        "url" : "/"
                      }, {
                        "key" : "link_1",
                        "url" : "http://www.socrata.com/terms-of-service"
                      }, {
                        "key" : "link_2",
                        "url" : "http://www.socrata.com/privacy"
                      }, {
                        "key" : "link_3",
                        "url" : "http://www.socrata.com/accessibility"
                      }, {
                        "key" : "link_4",
                        "url" : "http://www.socrata.com/contact-us"
                      } ]
                    },
                    "header" : {
                      "logo" : {
                        "src" : "/socrata_site_chrome/images/socrata-logo-2c-dark.png"
                      },
                      "styles" : {
                        "bg_color" : "#22b479",
                        "fg_color" : "#fff",
                        "logo_height" : "36px",
                        "logo_width" : "",
                        "bg_color_secondary" : ""
                      },
                      "links" : [ {
                        "key" : "link_0",
                        "url" : "/"
                      }, {
                        "key" : "link_1",
                        "url" : "/browse"
                      }, {
                        "key" : "link_2",
                        "url" : "http://dev.socrata.com"
                      }, {
                        "key" : "link_3",
                        "url" : "http://support.socrata.com"
                      } ]
                    }
                  }
                },
                "published" : {
                  "content" : {
                    "new_batch_of_properties" : {
                      "some_key" : "some_other_value"
                    }
                  }
                }
              }
            },
            "current_version" : "0.3",
            "activation_state" : {
              "data_lens" : true,
              "open_data" : true,
              "homepage" : true
            }
          }
        }
    http_version:
  recorded_at: Wed, 05 Oct 2016 18:00:17 GMT
- request:
    method: get
    uri: http://localhost:8080/configurations/164
    body:
      encoding: US-ASCII
      string: ''
    headers: {}
  response:
    status:
      code: 200
      message: OK
    headers:
      X-Socrata-Requestid:
      - 9x9r4brdsmwzwtzm03m9cd733
      Access-Control-Allow-Origin:
      - "*"
      Content-Type:
      - application/json; charset=utf-8
      Transfer-Encoding:
      - chunked
      Server:
      - Jetty(7.5.1.v20110908)
    body:
      encoding: UTF-8
      string: |
        {
          "id" : 164,
          "name" : "Site Chrome",
          "default" : true,
          "domainCName" : "localhost",
          "type" : "site_chrome",
          "updatedAt" : 1475690417,
          "properties" : [ {
            "name" : "siteChromeConfigVars",
            "value" : {
              "versions" : {
                "0.3" : {
                  "draft" : {
                    "content" : {
                      "general" : {
                        "template" : "Evergreen",
                        "social_shares" : {
                          "youtube" : {
                            "url" : ""
                          },
                          "yammer" : {
                            "url" : ""
                          },
                          "twitter" : {
                            "url" : ""
                          },
                          "github" : {
                            "url" : ""
                          },
                          "vimeo" : {
                            "url" : ""
                          },
                          "flickr" : {
                            "url" : ""
                          },
                          "facebook" : {
                            "url" : ""
                          },
                          "linked_in" : {
                            "url" : ""
                          },
                          "tumblr" : {
                            "url" : ""
                          },
                          "pinterest" : {
                            "url" : ""
                          },
                          "google_plus" : {
                            "url" : ""
                          },
                          "instagram" : {
                            "url" : ""
                          }
                        },
                        "window_title_display" : "",
                        "window_icon" : "/socrata_site_chrome/images/default_favicon.ico",
                        "show_signup" : "true",
                        "styles" : {
                          "max_width" : "",
                          "font_family" : "Open Sans"
                        },
                        "show_signin_signout" : "true",
                        "show_profile" : "true"
                      },
                      "locales" : {
                        "en" : {
                          "footer" : {
                            "site_name" : "",
                            "copyright_notice_source" : "",
                            "links" : {
                              "link_3" : "Accessibility",
                              "link_4" : "Contact Us",
                              "link_1" : "Terms of Service",
                              "link_2" : "Privacy Policy",
                              "link_0" : "Home Page"
                            }
                          },
                          "header" : {
                            "site_name" : "asdf",
                            "links" : {
                              "link_3" : "Support",
                              "link_1" : "Browse",
                              "link_2" : "Developers",
                              "link_0" : "Home Page"
                            }
                          }
                        }
                      },
                      "footer" : {
                        "copyright_notice" : "true",
                        "powered_by" : "true",
                        "logo" : {
                          "src" : "/socrata_site_chrome/images/socrata-logo-2c-dark.png"
                        },
                        "styles" : {
                          "bg_color" : "#3b3a3c",
                          "fg_color" : "#fff",
                          "logo_height" : "44px",
                          "logo_width" : ""
                        },
                        "links" : [ {
                          "key" : "link_0",
                          "url" : "/"
                        }, {
                          "key" : "link_1",
                          "url" : "http://www.socrata.com/terms-of-service"
                        }, {
                          "key" : "link_2",
                          "url" : "http://www.socrata.com/privacy"
                        }, {
                          "key" : "link_3",
                          "url" : "http://www.socrata.com/accessibility"
                        }, {
                          "key" : "link_4",
                          "url" : "http://www.socrata.com/contact-us"
                        } ]
                      },
                      "header" : {
                        "logo" : {
                          "src" : "/socrata_site_chrome/images/socrata-logo-2c-dark.png"
                        },
                        "styles" : {
                          "bg_color" : "#22b479",
                          "fg_color" : "#fff",
                          "logo_height" : "36px",
                          "logo_width" : "",
                          "bg_color_secondary" : ""
                        },
                        "links" : [ {
                          "key" : "link_0",
                          "url" : "/"
                        }, {
                          "key" : "link_1",
                          "url" : "/browse"
                        }, {
                          "key" : "link_2",
                          "url" : "http://dev.socrata.com"
                        }, {
                          "key" : "link_3",
                          "url" : "http://support.socrata.com"
                        } ]
                      }
                    }
                  },
                  "published" : {
                    "content" : {
                      "new_batch_of_properties" : {
                        "some_key" : "some_other_value"
                      }
                    }
                  }
                }
              },
              "current_version" : "0.3",
              "activation_state" : {
                "data_lens" : true,
                "open_data" : true,
                "homepage" : true
              }
            }
          } ]
        }
    http_version:
  recorded_at: Wed, 05 Oct 2016 18:00:17 GMT
- request:
    method: get
    uri: http://localhost:8080/configurations?defaultOnly=true&type=site_chrome
    body:
      encoding: US-ASCII
      string: ''
    headers:
      Content-Type:
      - application/json
      X-Socrata-Host:
      - localhost
  response:
    status:
      code: 200
      message: OK
    headers:
      X-Socrata-Requestid:
      - btw7s63q9gnqjzqbgnrj9n5ls
      Access-Control-Allow-Origin:
      - "*"
      Content-Type:
      - application/json; charset=utf-8
      Transfer-Encoding:
      - chunked
      Server:
      - Jetty(7.5.1.v20110908)
    body:
      encoding: UTF-8
      string: |
        [ {
          "id" : 39,
          "name" : "Site Chrome",
          "default" : true,
          "domainCName" : "localhost",
          "type" : "site_chrome",
          "updatedAt" : 1477328465,
          "properties" : [ {
            "name" : "siteChromeConfigVars",
            "value" : {
              "versions" : {
                "0.3" : {
                  "draft" : {
                    "content" : {
                      "general" : {
                        "template" : "Evergreen",
                        "social_shares" : {
                          "youtube" : {
                            "url" : ""
                          },
                          "yammer" : {
                            "url" : ""
                          },
                          "twitter" : {
                            "url" : ""
                          },
                          "github" : {
                            "url" : ""
                          },
                          "vimeo" : {
                            "url" : ""
                          },
                          "flickr" : {
                            "url" : ""
                          },
                          "facebook" : {
                            "url" : ""
                          },
                          "linked_in" : {
                            "url" : ""
                          },
                          "tumblr" : {
                            "url" : ""
                          },
                          "pinterest" : {
                            "url" : ""
                          },
                          "google_plus" : {
                            "url" : ""
                          },
                          "instagram" : {
                            "url" : ""
                          }
                        },
                        "window_title_display" : "",
                        "window_icon" : "/socrata_site_chrome/images/default_favicon.ico",
                        "show_signup" : "true",
                        "styles" : {
                          "max_width" : "",
                          "font_family" : "Open Sans"
                        },
                        "show_signin_signout" : "true",
                        "show_profile" : "true"
                      },
                      "locales" : {
                        "en" : {
                          "footer" : {
                            "site_name" : "",
                            "copyright_notice_source" : "",
                            "links" : {
                              "link_3" : "Accessibility",
                              "link_4" : "Contact Us",
                              "link_1" : "Terms of Service",
                              "link_2" : "Privacy Policy",
                              "link_0" : "Home Page"
                            }
                          },
                          "header" : {
                            "site_name" : "Local Toast",
                            "links" : {
                              "link_3" : "Support",
                              "link_1" : "Browse",
                              "link_2" : "Developers",
                              "link_0" : "Home Page"
                            }
                          }
                        }
                      },
                      "footer" : {
                        "copyright_notice" : "true",
                        "powered_by" : "true",
                        "logo" : {
                          "src" : "/socrata_site_chrome/images/socrata-logo-2c-dark.png"
                        },
                        "styles" : {
                          "bg_color" : "#3b3a3c",
                          "fg_color" : "#fff",
                          "logo_height" : "44px",
                          "logo_width" : ""
                        },
                        "links" : [ {
                          "key" : "link_0",
                          "url" : "/"
                        }, {
                          "key" : "link_1",
                          "url" : "http://www.socrata.com/terms-of-service"
                        }, {
                          "key" : "link_2",
                          "url" : "http://www.socrata.com/privacy"
                        }, {
                          "key" : "link_3",
                          "url" : "http://www.socrata.com/accessibility"
                        }, {
                          "key" : "link_4",
                          "url" : "http://www.socrata.com/contact-us"
                        } ]
                      },
                      "header" : {
                        "logo" : {
                          "src" : "/socrata_site_chrome/images/socrata-logo-2c-dark.png"
                        },
                        "styles" : {
                          "bg_color" : "#22b479",
                          "fg_color" : "#fff",
                          "logo_height" : "36px",
                          "logo_width" : "",
                          "bg_color_secondary" : ""
                        },
                        "links" : [ {
                          "key" : "link_0",
                          "url" : "/"
                        }, {
                          "key" : "link_1",
                          "url" : "/browse"
                        }, {
                          "key" : "link_2",
                          "url" : "http://dev.socrata.com"
                        }, {
                          "key" : "link_3",
                          "url" : "http://support.socrata.com"
                        } ]
                      }
                    }
                  },
                  "published" : {
                    "content" : {
                      "general" : {
                        "template" : "",
                        "social_shares" : {
                          "youtube" : {
                            "url" : ""
                          },
                          "yammer" : {
                            "url" : ""
                          },
                          "twitter" : {
                            "url" : ""
                          },
                          "github" : {
                            "url" : ""
                          },
                          "vimeo" : {
                            "url" : ""
                          },
                          "flickr" : {
                            "url" : ""
                          },
                          "facebook" : {
                            "url" : ""
                          },
                          "linked_in" : {
                            "url" : ""
                          },
                          "tumblr" : {
                            "url" : ""
                          },
                          "pinterest" : {
                            "url" : ""
                          },
                          "google_plus" : {
                            "url" : ""
                          },
                          "instagram" : {
                            "url" : ""
                          }
                        },
                        "window_title_display" : "",
                        "window_icon" : "",
                        "show_signup" : "true",
                        "styles" : {
                          "max_width" : "",
                          "font_family" : ""
                        },
                        "show_signin_signout" : "true",
                        "show_profile" : "true"
                      },
                      "locales" : {
                        "es,en" : {
                          "footer" : {
                            "site_name" : ""
                          },
                          "header" : {
                            "site_name" : ""
                          }
                        },
                        "en" : {
                          "footer" : {
                            "site_name" : ""
                          },
                          "header" : {
                            "site_name" : ""
                          }
                        }
                      },
                      "footer" : {
                        "copyright_notice" : "false",
                        "powered_by" : "true",
                        "logo" : {
                          "src" : "",
                          "alt" : ""
                        },
                        "styles" : {
                          "bg_color" : "",
                          "fg_color" : "",
                          "logo_height" : "",
                          "logo_width" : ""
                        }
                      },
                      "header" : {
                        "logo" : {
                          "src" : "",
                          "alt" : ""
                        },
                        "styles" : {
                          "bg_color" : "",
                          "fg_color" : "",
                          "logo_height" : "",
                          "logo_width" : "",
                          "bg_color_secondary" : ""
                        }
                      }
                    }
                  }
                }
              },
              "current_version" : "0.3",
              "activation_state" : {
                "data_lens" : true,
                "open_data" : true,
                "homepage" : true
              }
            }
          } ]
        } ]
    http_version:
  recorded_at: Mon, 24 Oct 2016 17:16:05 GMT
- request:
    method: get
    uri: http://localhost:8080/configurations?defaultOnly=true&type=site_chrome
    body:
      encoding: US-ASCII
      string: ''
    headers:
      Content-Type:
      - application/json
      X-Socrata-Host:
      - localhost
  response:
    status:
      code: 200
      message: OK
    headers:
      X-Socrata-Requestid:
      - abs2pl2mslzt4nzbjagu5vjo0
      Access-Control-Allow-Origin:
      - "*"
      Content-Type:
      - application/json; charset=utf-8
      Transfer-Encoding:
      - chunked
      Server:
      - Jetty(7.5.1.v20110908)
    body:
      encoding: UTF-8
      string: |
        [ {
          "id" : 39,
          "name" : "Site Chrome",
          "default" : true,
          "domainCName" : "localhost",
          "type" : "site_chrome",
          "updatedAt" : 1477328465,
          "properties" : [ {
            "name" : "siteChromeConfigVars",
            "value" : {
              "versions" : {
                "0.3" : {
                  "draft" : {
                    "content" : {
                      "general" : {
                        "template" : "Evergreen",
                        "social_shares" : {
                          "youtube" : {
                            "url" : ""
                          },
                          "yammer" : {
                            "url" : ""
                          },
                          "twitter" : {
                            "url" : ""
                          },
                          "github" : {
                            "url" : ""
                          },
                          "vimeo" : {
                            "url" : ""
                          },
                          "flickr" : {
                            "url" : ""
                          },
                          "facebook" : {
                            "url" : ""
                          },
                          "linked_in" : {
                            "url" : ""
                          },
                          "tumblr" : {
                            "url" : ""
                          },
                          "pinterest" : {
                            "url" : ""
                          },
                          "google_plus" : {
                            "url" : ""
                          },
                          "instagram" : {
                            "url" : ""
                          }
                        },
                        "window_title_display" : "",
                        "window_icon" : "/socrata_site_chrome/images/default_favicon.ico",
                        "show_signup" : "true",
                        "styles" : {
                          "max_width" : "",
                          "font_family" : "Open Sans"
                        },
                        "show_signin_signout" : "true",
                        "show_profile" : "true"
                      },
                      "locales" : {
                        "en" : {
                          "footer" : {
                            "site_name" : "",
                            "copyright_notice_source" : "",
                            "links" : {
                              "link_3" : "Accessibility",
                              "link_4" : "Contact Us",
                              "link_1" : "Terms of Service",
                              "link_2" : "Privacy Policy",
                              "link_0" : "Home Page"
                            }
                          },
                          "header" : {
                            "site_name" : "Local Toast",
                            "links" : {
                              "link_3" : "Support",
                              "link_1" : "Browse",
                              "link_2" : "Developers",
                              "link_0" : "Home Page"
                            }
                          }
                        }
                      },
                      "footer" : {
                        "copyright_notice" : "true",
                        "powered_by" : "true",
                        "logo" : {
                          "src" : "/socrata_site_chrome/images/socrata-logo-2c-dark.png"
                        },
                        "styles" : {
                          "bg_color" : "#3b3a3c",
                          "fg_color" : "#fff",
                          "logo_height" : "44px",
                          "logo_width" : ""
                        },
                        "links" : [ {
                          "key" : "link_0",
                          "url" : "/"
                        }, {
                          "key" : "link_1",
                          "url" : "http://www.socrata.com/terms-of-service"
                        }, {
                          "key" : "link_2",
                          "url" : "http://www.socrata.com/privacy"
                        }, {
                          "key" : "link_3",
                          "url" : "http://www.socrata.com/accessibility"
                        }, {
                          "key" : "link_4",
                          "url" : "http://www.socrata.com/contact-us"
                        } ]
                      },
                      "header" : {
                        "logo" : {
                          "src" : "/socrata_site_chrome/images/socrata-logo-2c-dark.png"
                        },
                        "styles" : {
                          "bg_color" : "#22b479",
                          "fg_color" : "#fff",
                          "logo_height" : "36px",
                          "logo_width" : "",
                          "bg_color_secondary" : ""
                        },
                        "links" : [ {
                          "key" : "link_0",
                          "url" : "/"
                        }, {
                          "key" : "link_1",
                          "url" : "/browse"
                        }, {
                          "key" : "link_2",
                          "url" : "http://dev.socrata.com"
                        }, {
                          "key" : "link_3",
                          "url" : "http://support.socrata.com"
                        } ]
                      }
                    }
                  },
                  "published" : {
                    "content" : {
                      "general" : {
                        "template" : "",
                        "social_shares" : {
                          "youtube" : {
                            "url" : ""
                          },
                          "yammer" : {
                            "url" : ""
                          },
                          "twitter" : {
                            "url" : ""
                          },
                          "github" : {
                            "url" : ""
                          },
                          "vimeo" : {
                            "url" : ""
                          },
                          "flickr" : {
                            "url" : ""
                          },
                          "facebook" : {
                            "url" : ""
                          },
                          "linked_in" : {
                            "url" : ""
                          },
                          "tumblr" : {
                            "url" : ""
                          },
                          "pinterest" : {
                            "url" : ""
                          },
                          "google_plus" : {
                            "url" : ""
                          },
                          "instagram" : {
                            "url" : ""
                          }
                        },
                        "window_title_display" : "",
                        "window_icon" : "",
                        "show_signup" : "true",
                        "styles" : {
                          "max_width" : "",
                          "font_family" : ""
                        },
                        "show_signin_signout" : "true",
                        "show_profile" : "true"
                      },
                      "locales" : {
                        "es,en" : {
                          "footer" : {
                            "site_name" : ""
                          },
                          "header" : {
                            "site_name" : ""
                          }
                        },
                        "en" : {
                          "footer" : {
                            "site_name" : ""
                          },
                          "header" : {
                            "site_name" : ""
                          }
                        }
                      },
                      "footer" : {
                        "copyright_notice" : "false",
                        "powered_by" : "true",
                        "logo" : {
                          "src" : "",
                          "alt" : ""
                        },
                        "styles" : {
                          "bg_color" : "",
                          "fg_color" : "",
                          "logo_height" : "",
                          "logo_width" : ""
                        }
                      },
                      "header" : {
                        "logo" : {
                          "src" : "",
                          "alt" : ""
                        },
                        "styles" : {
                          "bg_color" : "",
                          "fg_color" : "",
                          "logo_height" : "",
                          "logo_width" : "",
                          "bg_color_secondary" : ""
                        }
                      }
                    }
                  }
                }
              },
              "current_version" : "0.3",
              "activation_state" : {
                "data_lens" : true,
                "open_data" : true,
                "homepage" : true
              }
            }
          } ]
        } ]
    http_version:
  recorded_at: Mon, 24 Oct 2016 17:16:05 GMT
- request:
    method: get
    uri: http://localhost:8080/configurations?defaultOnly=true&type=site_chrome
    body:
      encoding: US-ASCII
      string: ''
    headers:
      Content-Type:
      - application/json
      X-Socrata-Host:
      - localhost
  response:
    status:
      code: 200
      message: OK
    headers:
      X-Socrata-Requestid:
      - a0nayafdz6qzrsexb7nrep3zl
      Access-Control-Allow-Origin:
      - "*"
      Content-Type:
      - application/json; charset=utf-8
      Transfer-Encoding:
      - chunked
      Server:
      - Jetty(7.5.1.v20110908)
    body:
      encoding: UTF-8
      string: |
        [ {
          "id" : 39,
          "name" : "Site Chrome",
          "default" : true,
          "domainCName" : "localhost",
          "type" : "site_chrome",
          "updatedAt" : 1477328465,
          "properties" : [ {
            "name" : "siteChromeConfigVars",
            "value" : {
              "versions" : {
                "0.3" : {
                  "draft" : {
                    "content" : {
                      "general" : {
                        "template" : "Evergreen",
                        "social_shares" : {
                          "youtube" : {
                            "url" : ""
                          },
                          "yammer" : {
                            "url" : ""
                          },
                          "twitter" : {
                            "url" : ""
                          },
                          "github" : {
                            "url" : ""
                          },
                          "vimeo" : {
                            "url" : ""
                          },
                          "flickr" : {
                            "url" : ""
                          },
                          "facebook" : {
                            "url" : ""
                          },
                          "linked_in" : {
                            "url" : ""
                          },
                          "tumblr" : {
                            "url" : ""
                          },
                          "pinterest" : {
                            "url" : ""
                          },
                          "google_plus" : {
                            "url" : ""
                          },
                          "instagram" : {
                            "url" : ""
                          }
                        },
                        "window_title_display" : "",
                        "window_icon" : "/socrata_site_chrome/images/default_favicon.ico",
                        "show_signup" : "true",
                        "styles" : {
                          "max_width" : "",
                          "font_family" : "Open Sans"
                        },
                        "show_signin_signout" : "true",
                        "show_profile" : "true"
                      },
                      "locales" : {
                        "en" : {
                          "footer" : {
                            "site_name" : "",
                            "copyright_notice_source" : "",
                            "links" : {
                              "link_3" : "Accessibility",
                              "link_4" : "Contact Us",
                              "link_1" : "Terms of Service",
                              "link_2" : "Privacy Policy",
                              "link_0" : "Home Page"
                            }
                          },
                          "header" : {
                            "site_name" : "Local Toast",
                            "links" : {
                              "link_3" : "Support",
                              "link_1" : "Browse",
                              "link_2" : "Developers",
                              "link_0" : "Home Page"
                            }
                          }
                        }
                      },
                      "footer" : {
                        "copyright_notice" : "true",
                        "powered_by" : "true",
                        "logo" : {
                          "src" : "/socrata_site_chrome/images/socrata-logo-2c-dark.png"
                        },
                        "styles" : {
                          "bg_color" : "#3b3a3c",
                          "fg_color" : "#fff",
                          "logo_height" : "44px",
                          "logo_width" : ""
                        },
                        "links" : [ {
                          "key" : "link_0",
                          "url" : "/"
                        }, {
                          "key" : "link_1",
                          "url" : "http://www.socrata.com/terms-of-service"
                        }, {
                          "key" : "link_2",
                          "url" : "http://www.socrata.com/privacy"
                        }, {
                          "key" : "link_3",
                          "url" : "http://www.socrata.com/accessibility"
                        }, {
                          "key" : "link_4",
                          "url" : "http://www.socrata.com/contact-us"
                        } ]
                      },
                      "header" : {
                        "logo" : {
                          "src" : "/socrata_site_chrome/images/socrata-logo-2c-dark.png"
                        },
                        "styles" : {
                          "bg_color" : "#22b479",
                          "fg_color" : "#fff",
                          "logo_height" : "36px",
                          "logo_width" : "",
                          "bg_color_secondary" : ""
                        },
                        "links" : [ {
                          "key" : "link_0",
                          "url" : "/"
                        }, {
                          "key" : "link_1",
                          "url" : "/browse"
                        }, {
                          "key" : "link_2",
                          "url" : "http://dev.socrata.com"
                        }, {
                          "key" : "link_3",
                          "url" : "http://support.socrata.com"
                        } ]
                      }
                    }
                  },
                  "published" : {
                    "content" : {
                      "general" : {
                        "template" : "",
                        "social_shares" : {
                          "youtube" : {
                            "url" : ""
                          },
                          "yammer" : {
                            "url" : ""
                          },
                          "twitter" : {
                            "url" : ""
                          },
                          "github" : {
                            "url" : ""
                          },
                          "vimeo" : {
                            "url" : ""
                          },
                          "flickr" : {
                            "url" : ""
                          },
                          "facebook" : {
                            "url" : ""
                          },
                          "linked_in" : {
                            "url" : ""
                          },
                          "tumblr" : {
                            "url" : ""
                          },
                          "pinterest" : {
                            "url" : ""
                          },
                          "google_plus" : {
                            "url" : ""
                          },
                          "instagram" : {
                            "url" : ""
                          }
                        },
                        "window_title_display" : "",
                        "window_icon" : "",
                        "show_signup" : "true",
                        "styles" : {
                          "max_width" : "",
                          "font_family" : ""
                        },
                        "show_signin_signout" : "true",
                        "show_profile" : "true"
                      },
                      "locales" : {
                        "es,en" : {
                          "footer" : {
                            "site_name" : ""
                          },
                          "header" : {
                            "site_name" : ""
                          }
                        },
                        "en" : {
                          "footer" : {
                            "site_name" : ""
                          },
                          "header" : {
                            "site_name" : ""
                          }
                        }
                      },
                      "footer" : {
                        "copyright_notice" : "false",
                        "powered_by" : "true",
                        "logo" : {
                          "src" : "",
                          "alt" : ""
                        },
                        "styles" : {
                          "bg_color" : "",
                          "fg_color" : "",
                          "logo_height" : "",
                          "logo_width" : ""
                        }
                      },
                      "header" : {
                        "logo" : {
                          "src" : "",
                          "alt" : ""
                        },
                        "styles" : {
                          "bg_color" : "",
                          "fg_color" : "",
                          "logo_height" : "",
                          "logo_width" : "",
                          "bg_color_secondary" : ""
                        }
                      }
                    }
                  }
                }
              },
              "current_version" : "0.3",
              "activation_state" : {
                "data_lens" : true,
                "open_data" : true,
                "homepage" : true
              }
            }
          } ]
        } ]
    http_version:
  recorded_at: Mon, 24 Oct 2016 17:16:05 GMT
- request:
    method: put
    uri: http://localhost:8080/configurations/39/properties?method=update
    body:
      encoding: UTF-8
      string: '{"name":"siteChromeConfigVars","value":{"versions":{"0.3":{"draft":{"content":{"general":{"template":"Evergreen","social_shares":{"youtube":{"url":""},"yammer":{"url":""},"twitter":{"url":""},"github":{"url":""},"vimeo":{"url":""},"flickr":{"url":""},"facebook":{"url":""},"linked_in":{"url":""},"tumblr":{"url":""},"pinterest":{"url":""},"google_plus":{"url":""},"instagram":{"url":""}},"window_title_display":"","window_icon":"/socrata_site_chrome/images/default_favicon.ico","show_signup":"true","styles":{"max_width":"","font_family":"Open
        Sans"},"show_signin_signout":"true","show_profile":"true"},"locales":{"en":{"footer":{"site_name":"","copyright_notice_source":"","links":{"link_3":"Accessibility","link_4":"Contact
        Us","link_1":"Terms of Service","link_2":"Privacy Policy","link_0":"Home Page"}},"header":{"site_name":"Local
        Toast","links":{"link_3":"Support","link_1":"Browse","link_2":"Developers","link_0":"Home
        Page"}}}},"footer":{"copyright_notice":"true","powered_by":"true","logo":{"src":"/socrata_site_chrome/images/socrata-logo-2c-dark.png"},"styles":{"bg_color":"#3b3a3c","fg_color":"#fff","logo_height":"44px","logo_width":""},"links":[{"key":"link_0","url":"/"},{"key":"link_1","url":"http://www.socrata.com/terms-of-service"},{"key":"link_2","url":"http://www.socrata.com/privacy"},{"key":"link_3","url":"http://www.socrata.com/accessibility"},{"key":"link_4","url":"http://www.socrata.com/contact-us"}]},"header":{"logo":{"src":"/socrata_site_chrome/images/socrata-logo-2c-dark.png"},"styles":{"bg_color":"#22b479","fg_color":"#fff","logo_height":"36px","logo_width":"","bg_color_secondary":""},"links":[{"key":"link_0","url":"/"},{"key":"link_1","url":"/browse"},{"key":"link_2","url":"http://dev.socrata.com"},{"key":"link_3","url":"http://support.socrata.com"}]}}},"published":{"content":{"new_properties":{"some_key":"some_other_value"},"locales":{"es,en":{"footer":{"site_name":""},"header":{"site_name":""}},"en":{"footer":{"site_name":""},"header":{"site_name":""}}}}}}},"current_version":"0.3","activation_state":{"data_lens":true,"open_data":true,"homepage":true}}}'
    headers:
      Content-Type:
      - application/json
      X-Socrata-Host:
      - localhost
      Cookie:
      - logged_in=true; _socrata_session_id=BAh7CkkiD3Nlc3Npb25faWQGOgZFRkkiJWIyYTMxODQyNTEwY2MyNDk1NjBjMzM3MzMyYmYxMTEyBjsARkkiCXVzZXIGOwBGaQdJIhBfY3NyZl90b2tlbgY7AEZJIjE5cjM4YlFoTkpvZW5nUVpTcmlhQmQxNWVZZU5hMzd0SktIeld5V3pBRE1BPQY7AEZJIglpbml0BjsAVFRJIg5yZXR1cm5fdG8GOwBGMA%3D%3D--63d2b3642bbed8e6cd26449c6991d5e6d4188889;
        _core_session_id=M2hwYS10Znp5IDE0NzczNTAyMTQgMzlhNmE3ZjdmMzI0IDdkZjNjZjk0OTU2YmI2ZDhlYWZmZmRjZDkxZDQ5MjJlNDJlMjUyMzA%3D;
        socrata-csrf-token=ZUh2rOC0dawpsn7ZDtDBQac2m6D%2FvbTX6DexbFJR0YST9YrB6PlTK44zeIug9kA2%2BWj6Q6ViD57AS2elPpHdRA%3D%3D
  response:
    status:
      code: 200
      message: OK
    headers:
      X-Socrata-Requestid:
      - dw6jgc40do7km1664cuv75xgp
      Access-Control-Allow-Origin:
      - "*"
      Set-Cookie:
      - _core_session_id=M2hwYS10Znp5IDE0NzczNTA5NjUgMzlhNmE3ZjdmMzI0IGY1NTViYjM1NzRkODgzODY5Mjg1YmY0MDVmYmY5YjI1MjJjNGVhOGM;Path=/
      Expires:
      - Thu, 01 Jan 1970 00:00:00 GMT
      Content-Type:
      - application/json; charset=utf-8
      Transfer-Encoding:
      - chunked
      Server:
      - Jetty(7.5.1.v20110908)
    body:
      encoding: UTF-8
      string: |
        {
          "name" : "siteChromeConfigVars",
          "value" : {
            "versions" : {
              "0.3" : {
                "draft" : {
                  "content" : {
                    "general" : {
                      "template" : "Evergreen",
                      "social_shares" : {
                        "youtube" : {
                          "url" : ""
                        },
                        "yammer" : {
                          "url" : ""
                        },
                        "twitter" : {
                          "url" : ""
                        },
                        "github" : {
                          "url" : ""
                        },
                        "vimeo" : {
                          "url" : ""
                        },
                        "flickr" : {
                          "url" : ""
                        },
                        "facebook" : {
                          "url" : ""
                        },
                        "linked_in" : {
                          "url" : ""
                        },
                        "tumblr" : {
                          "url" : ""
                        },
                        "pinterest" : {
                          "url" : ""
                        },
                        "google_plus" : {
                          "url" : ""
                        },
                        "instagram" : {
                          "url" : ""
                        }
                      },
                      "window_title_display" : "",
                      "window_icon" : "/socrata_site_chrome/images/default_favicon.ico",
                      "show_signup" : "true",
                      "styles" : {
                        "max_width" : "",
                        "font_family" : "Open Sans"
                      },
                      "show_signin_signout" : "true",
                      "show_profile" : "true"
                    },
                    "locales" : {
                      "en" : {
                        "footer" : {
                          "site_name" : "",
                          "copyright_notice_source" : "",
                          "links" : {
                            "link_3" : "Accessibility",
                            "link_4" : "Contact Us",
                            "link_1" : "Terms of Service",
                            "link_2" : "Privacy Policy",
                            "link_0" : "Home Page"
                          }
                        },
                        "header" : {
                          "site_name" : "Local Toast",
                          "links" : {
                            "link_3" : "Support",
                            "link_1" : "Browse",
                            "link_2" : "Developers",
                            "link_0" : "Home Page"
                          }
                        }
                      }
                    },
                    "footer" : {
                      "copyright_notice" : "true",
                      "powered_by" : "true",
                      "logo" : {
                        "src" : "/socrata_site_chrome/images/socrata-logo-2c-dark.png"
                      },
                      "styles" : {
                        "bg_color" : "#3b3a3c",
                        "fg_color" : "#fff",
                        "logo_height" : "44px",
                        "logo_width" : ""
                      },
                      "links" : [ {
                        "key" : "link_0",
                        "url" : "/"
                      }, {
                        "key" : "link_1",
                        "url" : "http://www.socrata.com/terms-of-service"
                      }, {
                        "key" : "link_2",
                        "url" : "http://www.socrata.com/privacy"
                      }, {
                        "key" : "link_3",
                        "url" : "http://www.socrata.com/accessibility"
                      }, {
                        "key" : "link_4",
                        "url" : "http://www.socrata.com/contact-us"
                      } ]
                    },
                    "header" : {
                      "logo" : {
                        "src" : "/socrata_site_chrome/images/socrata-logo-2c-dark.png"
                      },
                      "styles" : {
                        "bg_color" : "#22b479",
                        "fg_color" : "#fff",
                        "logo_height" : "36px",
                        "logo_width" : "",
                        "bg_color_secondary" : ""
                      },
                      "links" : [ {
                        "key" : "link_0",
                        "url" : "/"
                      }, {
                        "key" : "link_1",
                        "url" : "/browse"
                      }, {
                        "key" : "link_2",
                        "url" : "http://dev.socrata.com"
                      }, {
                        "key" : "link_3",
                        "url" : "http://support.socrata.com"
                      } ]
                    }
                  }
                },
                "published" : {
                  "content" : {
                    "locales" : {
                      "es,en" : {
                        "footer" : {
                          "site_name" : ""
                        },
                        "header" : {
                          "site_name" : ""
                        }
                      },
                      "en" : {
                        "footer" : {
                          "site_name" : ""
                        },
                        "header" : {
                          "site_name" : ""
                        }
                      }
                    },
                    "new_properties" : {
                      "some_key" : "some_other_value"
                    }
                  }
                }
              }
            },
            "current_version" : "0.3",
            "activation_state" : {
              "data_lens" : true,
              "open_data" : true,
              "homepage" : true
            }
          }
        }
    http_version:
  recorded_at: Mon, 24 Oct 2016 17:16:05 GMT
- request:
    method: get
    uri: http://localhost:8080/configurations/39
    body:
      encoding: US-ASCII
      string: ''
    headers: {}
  response:
    status:
      code: 200
      message: OK
    headers:
      X-Socrata-Requestid:
      - 6nynz5tt983xliv512f93hc2v
      Access-Control-Allow-Origin:
      - "*"
      Content-Type:
      - application/json; charset=utf-8
      Transfer-Encoding:
      - chunked
      Server:
      - Jetty(7.5.1.v20110908)
    body:
      encoding: UTF-8
      string: |
        {
          "id" : 39,
          "name" : "Site Chrome",
          "default" : true,
          "domainCName" : "localhost",
          "type" : "site_chrome",
          "updatedAt" : 1477329365,
          "properties" : [ {
            "name" : "siteChromeConfigVars",
            "value" : {
              "versions" : {
                "0.3" : {
                  "draft" : {
                    "content" : {
                      "general" : {
                        "template" : "Evergreen",
                        "social_shares" : {
                          "youtube" : {
                            "url" : ""
                          },
                          "yammer" : {
                            "url" : ""
                          },
                          "twitter" : {
                            "url" : ""
                          },
                          "github" : {
                            "url" : ""
                          },
                          "vimeo" : {
                            "url" : ""
                          },
                          "flickr" : {
                            "url" : ""
                          },
                          "facebook" : {
                            "url" : ""
                          },
                          "linked_in" : {
                            "url" : ""
                          },
                          "tumblr" : {
                            "url" : ""
                          },
                          "pinterest" : {
                            "url" : ""
                          },
                          "google_plus" : {
                            "url" : ""
                          },
                          "instagram" : {
                            "url" : ""
                          }
                        },
                        "window_title_display" : "",
                        "window_icon" : "/socrata_site_chrome/images/default_favicon.ico",
                        "show_signup" : "true",
                        "styles" : {
                          "max_width" : "",
                          "font_family" : "Open Sans"
                        },
                        "show_signin_signout" : "true",
                        "show_profile" : "true"
                      },
                      "locales" : {
                        "en" : {
                          "footer" : {
                            "site_name" : "",
                            "copyright_notice_source" : "",
                            "links" : {
                              "link_3" : "Accessibility",
                              "link_4" : "Contact Us",
                              "link_1" : "Terms of Service",
                              "link_2" : "Privacy Policy",
                              "link_0" : "Home Page"
                            }
                          },
                          "header" : {
                            "site_name" : "Local Toast",
                            "links" : {
                              "link_3" : "Support",
                              "link_1" : "Browse",
                              "link_2" : "Developers",
                              "link_0" : "Home Page"
                            }
                          }
                        }
                      },
                      "footer" : {
                        "copyright_notice" : "true",
                        "powered_by" : "true",
                        "logo" : {
                          "src" : "/socrata_site_chrome/images/socrata-logo-2c-dark.png"
                        },
                        "styles" : {
                          "bg_color" : "#3b3a3c",
                          "fg_color" : "#fff",
                          "logo_height" : "44px",
                          "logo_width" : ""
                        },
                        "links" : [ {
                          "key" : "link_0",
                          "url" : "/"
                        }, {
                          "key" : "link_1",
                          "url" : "http://www.socrata.com/terms-of-service"
                        }, {
                          "key" : "link_2",
                          "url" : "http://www.socrata.com/privacy"
                        }, {
                          "key" : "link_3",
                          "url" : "http://www.socrata.com/accessibility"
                        }, {
                          "key" : "link_4",
                          "url" : "http://www.socrata.com/contact-us"
                        } ]
                      },
                      "header" : {
                        "logo" : {
                          "src" : "/socrata_site_chrome/images/socrata-logo-2c-dark.png"
                        },
                        "styles" : {
                          "bg_color" : "#22b479",
                          "fg_color" : "#fff",
                          "logo_height" : "36px",
                          "logo_width" : "",
                          "bg_color_secondary" : ""
                        },
                        "links" : [ {
                          "key" : "link_0",
                          "url" : "/"
                        }, {
                          "key" : "link_1",
                          "url" : "/browse"
                        }, {
                          "key" : "link_2",
                          "url" : "http://dev.socrata.com"
                        }, {
                          "key" : "link_3",
                          "url" : "http://support.socrata.com"
                        } ]
                      }
                    }
                  },
                  "published" : {
                    "content" : {
                      "locales" : {
                        "es,en" : {
                          "footer" : {
                            "site_name" : ""
                          },
                          "header" : {
                            "site_name" : ""
                          }
                        },
                        "en" : {
                          "footer" : {
                            "site_name" : ""
                          },
                          "header" : {
                            "site_name" : ""
                          }
                        }
                      },
                      "new_properties" : {
                        "some_key" : "some_other_value"
                      }
                    }
                  }
                }
              },
              "current_version" : "0.3",
              "activation_state" : {
                "data_lens" : true,
                "open_data" : true,
                "homepage" : true
              }
            }
          } ]
        }
    http_version:
  recorded_at: Mon, 24 Oct 2016 17:16:05 GMT
- request:
    method: get
    uri: http://localhost:8080/domains/localhost.json
    body:
      encoding: US-ASCII
      string: ''
    headers:
      X-Socrata-Host:
      - localhost
  response:
    status:
      code: 200
      message: OK
    headers:
      X-Socrata-Requestid:
      - m5bvfekoj5kmczyrsxrup96m
      Access-Control-Allow-Origin:
      - "*"
      Content-Type:
      - application/json; charset=utf-8
      Transfer-Encoding:
      - chunked
      Server:
      - Jetty(7.5.1.v20110908)
    body:
      encoding: UTF-8
      string: |
        {
          "id" : 1,
          "name" : "Socrata Website",
          "aliases" : "127.0.0.1,local.dev",
          "childCount" : 0,
          "cname" : "localhost",
          "configUpdatedAt" : 1477329573,
          "httpsEnforced" : false,
          "organizationId" : 1,
          "parentDomainId" : 2,
          "shortName" : "socrata",
          "accountModules" : [ {
            "name" : "geospatial",
            "description" : "Geospatial datasets and features"
          }, {
            "name" : "federations",
            "description" : "Share datasets across domains"
          }, {
            "name" : "routing_approval",
            "description" : "Enable dataset routing and approval"
          }, {
            "name" : "dataset_nomination",
            "description" : "Visitors can nominate datasets for inclusion"
          }, {
            "name" : "api_foundry",
            "description" : "Access to API Foundry"
          }, {
            "name" : "canvas2",
            "description" : "Enable DataSlate"
          }, {
            "name" : "canvasX",
            "description" : "Enable pre-release DataSlate editing features"
          }, {
            "name" : "allow_comments",
            "description" : "Allow users to comment on datasets"
          }, {
            "name" : "openid_login",
            "description" : "Allow users to log in via OpenID"
          }, {
            "name" : "old_charts",
            "description" : "Ignore all other chart versioning modules and assert oldcharts."
          } ],
          "accountTier" : {
            "id" : 3,
            "name" : "Ultimate",
            "accountModules" : [ {
              "name" : "basic_visualization",
              "description" : "Bar, Pie, Line Charts, Heat Maps, Point Maps"
            }, {
              "name" : "advanced_visualization",
              "description" : "Combo Charts, Bubble Charts, County-level Heatmaps"
            }, {
              "name" : "basic_metrics",
              "description" : "Aggregate usage counts, web propagation summary, day-old metrics"
            }, {
              "name" : "community_comment_moderation",
              "description" : "Comments can be community moderated"
            }, {
              "name" : "dataset_nomination",
              "description" : "Visitors can nominate datasets for inclusion"
            }, {
              "name" : "dataset_approval",
              "description" : "Publishers can set up a signoff process for datasets"
            }, {
              "name" : "discovery_module",
              "description" : "The Data tab"
            }, {
              "name" : "community_module",
              "description" : "The Community tab"
            }, {
              "name" : "community_creation",
              "description" : "Allow community members to create datasets"
            }, {
              "name" : "openid_login",
              "description" : "Allow users to log in via OpenID"
            }, {
              "name" : "allow_comments",
              "description" : "Allow users to comment on datasets"
            }, {
              "name" : "federations",
              "description" : "Share datasets across domains"
            }, {
              "name" : "esri_integration",
              "description" : "ESRI map layer datasets"
            }, {
              "name" : "use_soda2",
              "description" : "Force the domain to use SODA2 API"
            } ],
            "config" : {
              "metering.monthly.limit" : 5368709120000,
              "snapshots" : 20,
              "account_lockout_minutes" : 30
            }
          }
        }
    http_version:
  recorded_at: Mon, 24 Oct 2016 17:28:10 GMT
- request:
    method: get
    uri: http://localhost:8080/configurations.json?defaultOnly=true&type=site_chrome
    body:
      encoding: US-ASCII
      string: ''
    headers:
      X-Socrata-Host:
      - localhost
  response:
    status:
      code: 200
      message: OK
    headers:
      X-Socrata-Requestid:
      - 6fw8od27qftz78nx5uizt8cni
      Access-Control-Allow-Origin:
      - "*"
      Content-Type:
      - application/json; charset=utf-8
      Transfer-Encoding:
      - chunked
      Server:
      - Jetty(7.5.1.v20110908)
    body:
      encoding: UTF-8
      string: |
        [ {
          "id" : 39,
          "name" : "Site Chrome",
          "default" : true,
          "domainCName" : "localhost",
          "type" : "site_chrome",
          "updatedAt" : 1477329573,
          "properties" : [ {
            "name" : "siteChromeConfigVars",
            "value" : {
              "versions" : {
                "0.3" : {
                  "draft" : {
                    "content" : {
                      "general" : {
                        "template" : "Evergreen",
                        "social_shares" : {
                          "youtube" : {
                            "url" : ""
                          },
                          "yammer" : {
                            "url" : ""
                          },
                          "twitter" : {
                            "url" : ""
                          },
                          "github" : {
                            "url" : ""
                          },
                          "vimeo" : {
                            "url" : ""
                          },
                          "flickr" : {
                            "url" : ""
                          },
                          "facebook" : {
                            "url" : ""
                          },
                          "linked_in" : {
                            "url" : ""
                          },
                          "tumblr" : {
                            "url" : ""
                          },
                          "pinterest" : {
                            "url" : ""
                          },
                          "google_plus" : {
                            "url" : ""
                          },
                          "instagram" : {
                            "url" : ""
                          }
                        },
                        "window_title_display" : "",
                        "window_icon" : "/socrata_site_chrome/images/default_favicon.ico",
                        "show_signup" : "true",
                        "styles" : {
                          "max_width" : "",
                          "font_family" : "Open Sans"
                        },
                        "show_signin_signout" : "true",
                        "show_profile" : "true"
                      },
                      "locales" : {
                        "en" : {
                          "footer" : {
                            "site_name" : "",
                            "copyright_notice_source" : "",
                            "links" : {
                              "link_3" : "Accessibility",
                              "link_4" : "Contact Us",
                              "link_1" : "Terms of Service",
                              "link_2" : "Privacy Policy",
                              "link_0" : "Home Page"
                            }
                          },
                          "header" : {
                            "site_name" : "Local Toast",
                            "links" : {
                              "link_3" : "Support",
                              "link_1" : "Browse",
                              "link_2" : "Developers",
                              "link_0" : "Home Page"
                            }
                          }
                        }
                      },
                      "footer" : {
                        "copyright_notice" : "true",
                        "powered_by" : "true",
                        "logo" : {
                          "src" : "/socrata_site_chrome/images/socrata-logo-2c-dark.png"
                        },
                        "styles" : {
                          "bg_color" : "#3b3a3c",
                          "fg_color" : "#fff",
                          "logo_height" : "44px",
                          "logo_width" : ""
                        },
                        "links" : [ {
                          "key" : "link_0",
                          "url" : "/"
                        }, {
                          "key" : "link_1",
                          "url" : "http://www.socrata.com/terms-of-service"
                        }, {
                          "key" : "link_2",
                          "url" : "http://www.socrata.com/privacy"
                        }, {
                          "key" : "link_3",
                          "url" : "http://www.socrata.com/accessibility"
                        }, {
                          "key" : "link_4",
                          "url" : "http://www.socrata.com/contact-us"
                        } ]
                      },
                      "header" : {
                        "logo" : {
                          "src" : "/socrata_site_chrome/images/socrata-logo-2c-dark.png"
                        },
                        "styles" : {
                          "bg_color" : "#22b479",
                          "fg_color" : "#fff",
                          "logo_height" : "36px",
                          "logo_width" : "",
                          "bg_color_secondary" : ""
                        },
                        "links" : [ {
                          "key" : "link_0",
                          "url" : "/"
                        }, {
                          "key" : "link_1",
                          "url" : "/browse"
                        }, {
                          "key" : "link_2",
                          "url" : "http://dev.socrata.com"
                        }, {
                          "key" : "link_3",
                          "url" : "http://support.socrata.com"
                        } ]
                      }
                    }
                  },
                  "published" : {
                    "content" : {
                      "locales" : {
                        "es,en" : {
                          "footer" : {
                            "site_name" : ""
                          },
                          "header" : {
                            "site_name" : ""
                          }
                        },
                        "en" : {
                          "footer" : {
                            "site_name" : ""
                          },
                          "header" : {
                            "site_name" : ""
                          }
                        }
                      },
                      "new_properties" : {
                        "some_key" : "some_other_value"
                      }
                    }
                  }
                }
              },
              "current_version" : "0.3",
              "activation_state" : {
                "data_lens" : true,
                "open_data" : true,
                "homepage" : true
              }
            }
          } ]
        } ]
    http_version:
  recorded_at: Mon, 24 Oct 2016 17:28:10 GMT
recorded_with: VCR 3.0.3
